------------------------------------------------------------
Timing Analyzer Summary
------------------------------------------------------------

Type  : Slow 1200mV 85C Model Setup 'VGA_SYNC:videoSync|pixel_clock_int'
Slack : -2.669
TNS   : -60.445

Type  : Slow 1200mV 85C Model Setup 'CLOCK_50'
Slack : -0.679
TNS   : -1.648

Type  : Slow 1200mV 85C Model Hold 'VGA_SYNC:videoSync|pixel_clock_int'
Slack : 0.317
TNS   : 0.000

Type  : Slow 1200mV 85C Model Hold 'CLOCK_50'
Slack : 0.363
TNS   : 0.000

Type  : Slow 1200mV 85C Model Minimum Pulse Width 'CLOCK_50'
Slack : -3.000
TNS   : -6.855

Type  : Slow 1200mV 85C Model Minimum Pulse Width 'VGA_SYNC:videoSync|pixel_clock_int'
Slack : -2.693
TNS   : -47.668

Type  : Slow 1200mV 0C Model Setup 'VGA_SYNC:videoSync|pixel_clock_int'
Slack : -2.351
TNS   : -52.003

Type  : Slow 1200mV 0C Model Setup 'CLOCK_50'
Slack : -0.502
TNS   : -1.228

Type  : Slow 1200mV 0C Model Hold 'CLOCK_50'
Slack : 0.346
TNS   : 0.000

Type  : Slow 1200mV 0C Model Hold 'VGA_SYNC:videoSync|pixel_clock_int'
Slack : 0.353
TNS   : 0.000

Type  : Slow 1200mV 0C Model Minimum Pulse Width 'CLOCK_50'
Slack : -3.000
TNS   : -6.855

Type  : Slow 1200mV 0C Model Minimum Pulse Width 'VGA_SYNC:videoSync|pixel_clock_int'
Slack : -2.649
TNS   : -47.624

Type  : Fast 1200mV 0C Model Setup 'VGA_SYNC:videoSync|pixel_clock_int'
Slack : -0.759
TNS   : -11.997

Type  : Fast 1200mV 0C Model Setup 'CLOCK_50'
Slack : 0.000
TNS   : 0.000

Type  : Fast 1200mV 0C Model Hold 'VGA_SYNC:videoSync|pixel_clock_int'
Slack : 0.075
TNS   : 0.000

Type  : Fast 1200mV 0C Model Hold 'CLOCK_50'
Slack : 0.118
TNS   : 0.000

Type  : Fast 1200mV 0C Model Minimum Pulse Width 'CLOCK_50'
Slack : -3.000
TNS   : -6.994

Type  : Fast 1200mV 0C Model Minimum Pulse Width 'VGA_SYNC:videoSync|pixel_clock_int'
Slack : -1.000
TNS   : -36.000

------------------------------------------------------------
